################################################################################
#                                                                              #
#      IAR Universal Linker V6.5.0.91                                          #
#                                                                              #
#           Link time     =  29/Sep/2017  10:29:18                             #
#           Target CPU    =  MSP430                                            #
#           List file     =  "C:\Users\A0232139\Desktop\MSP430 Group\25 functi #
#                            on for 25c\Final\Quadrature Encoder\IAR\Debug\Lis #
#                            t\FR2000_Quad_Encoder.map"                        #
#           Output file 1 =  "C:\Users\A0232139\Desktop\MSP430 Group\25 functi #
#                            on for 25c\Final\Quadrature Encoder\IAR\Debug\Exe #
#                            \FR2000_Quad_Encoder.d43"                         #
#                            Format: ubrof10                                   #
#                            UBROF version 10.0.6                              #
#                            Using library modules for C-SPY (-rt)             #
#           Command line  =  -f                                                #
#                            C:\Users\A0232139\AppData\Local\Temp\EWBD83.tmp   #
#                            ("C:\Users\A0232139\Desktop\MSP430 Group\25 funct #
#                            ion for 25c\Final\Quadrature Encoder\IAR\Debug\Ob #
#                            j\FR2000_Quad_Encoder.r43"                        #
#                            -o                                                #
#                            "C:\Users\A0232139\Desktop\MSP430 Group\25 functi #
#                            on for 25c\Final\Quadrature Encoder\IAR\Debug\Exe #
#                            \FR2000_Quad_Encoder.d43"                         #
#                            -l                                                #
#                            "C:\Users\A0232139\Desktop\MSP430 Group\25 functi #
#                            on for 25c\Final\Quadrature Encoder\IAR\Debug\Lis #
#                            t\FR2000_Quad_Encoder.map"                        #
#                            -xms                                              #
#                            "-IC:\Program Files (x86)\IAR Systems\Embedded Wo #
#                            rkbench 8.0\430\LIB\"                             #
#                            -f                                                #
#                            "C:\Program Files (x86)\IAR Systems\Embedded Work #
#                            bench 8.0\430\config\linker\lnk430fr2000.xcl"     #
#                            (-cmsp430 -QCODE_I=CODE_ID -QTLS16_I=TLS16_ID     #
#                            -Z(DATA)DATA16_I,DATA16_Z,DATA16_N,TLS16_I=2000-2 #
#                            1FF                                               #
#                            -Z(DATA)CODE_I                                    #
#                            -Z(DATA)DATA20_I,DATA20_Z,DATA20_N                #
#                            -Z(DATA)CSTACK+_STACK_SIZE#                       #
#                            -Z(CONST)DATA16_P,DATA20_P=FE00-FF7F              #
#                            -Z(DATA)DATA16_HEAP+_DATA16_HEAP_SIZE,DATA20_HEAP #
#                            +_DATA20_HEAP_SIZE                                #
#                            -Z(CONST)DATA16_C,DATA16_ID,TLS16_ID,DIFUNCT,CHEC #
#                            KSUM=FE00-FF7F                                    #
#                            -Z(CONST)DATA20_C,DATA20_ID                       #
#                            -Z(CODE)CSTART,ISR_CODE,CODE_ID=FE00-FF7F         #
#                            -P(CODE)CODE,CODE16=FE00-FF7F                     #
#                            -Z(CONST)JTAGSIGNATURE=FF80-FF83                  #
#                            -Z(CONST)BSLSIGNATURE=FF84-FF87                   #
#                            -Z(CODE)INTVEC=FF88-FFFF                          #
#                            -Z(CODE)RESET=FFFE-FFFF) -D_STACK_SIZE=A0 -rt     #
#                            "C:\Program Files (x86)\IAR Systems\Embedded Work #
#                            bench 8.0\430\lib\dlib\dl430xssfn.r43"            #
#                            -e_PrintfLarge=_Printf -e_ScanfLarge=_Scanf       #
#                            -D_DATA16_HEAP_SIZE=A0 -s __program_start         #
#                            -D_DATA20_HEAP_SIZE=50)                           #
#                                                                              #
#                           Copyright (C) 1987-2016 IAR Systems AB.            #
################################################################################





                ****************************************
                *                                      *
                *           CROSS REFERENCE            *
                *                                      *
                ****************************************

       Program entry at :           FE00  Relocatable, from module : ?cstart




                ****************************************
                *                                      *
                *            RUNTIME MODEL             *
                *                                      *
                ****************************************

  __Heap_Handler             = Basic
  __SystemLibrary            = DLib
  __code_model               = small
  __core                     = 430X
  __data_model               = small
  __dlib_file_descriptor     = 0
  __dlib_full_locale_support = 0
  __double_size              = 32
  __pic                      = no
  __reg_r4                   = free
  __reg_r5                   = free
  __rt_version               = 4

                ****************************************
                *                                      *
                *    AUTOMATIC SYMBOL REDIRECTIONS     *
                *                                      *
                ****************************************

                  There are no automatic symbol redirections.



                ****************************************
                *                                      *
                *              MODULE MAP              *
                *                                      *
                ****************************************


  DEFINED ABSOLUTE ENTRIES
    *************************************************************************

  DEFINED ABSOLUTE ENTRIES
  PROGRAM MODULE, NAME : ?ABS_ENTRY_MOD

Absolute parts
           ENTRY                   ADDRESS         REF BY
           =====                   =======         ======
           _DATA20_HEAP_SIZE       0050 
           _DATA16_HEAP_SIZE       00A0 
           _STACK_SIZE             00A0 
    *************************************************************************

  FILE NAME : C:\Users\A0232139\Desktop\MSP430 Group\25 function for 25c\Final\Quadrature Encoder\IAR\Debug\Obj\FR2000_Quad_Encoder.r43
  PROGRAM MODULE, NAME : FR2000_Quad_Encoder

  SEGMENTS IN THE MODULE
  ======================
DATA16_AN
  Relative segment, address: 0180 - 0181 (0x2 bytes), align: 0
  Segment part 1. ROOT        Intra module refs:   main
           ENTRY                   ADDRESS         REF BY
           =====                   =======         ======
           _A_CSCTL0_L             0180 
           LOCAL                   ADDRESS         
           =====                   =======         
           CSCTL0                  0180 
           CSCTL0_H                0181 
           CSCTL0_L                0180 
    -------------------------------------------------------------------------
DATA16_AN
  Relative segment, address: 0182 - 0183 (0x2 bytes), align: 0
  Segment part 2. ROOT        Intra module refs:   main
           ENTRY                   ADDRESS         REF BY
           =====                   =======         ======
           _A_CSCTL1_L             0182 
           LOCAL                   ADDRESS         
           =====                   =======         
           CSCTL1                  0182 
           CSCTL1_H                0183 
           CSCTL1_L                0182 
    -------------------------------------------------------------------------
DATA16_AN
  Relative segment, address: 0184 - 0185 (0x2 bytes), align: 0
  Segment part 3. ROOT        Intra module refs:   main
           ENTRY                   ADDRESS         REF BY
           =====                   =======         ======
           _A_CSCTL2_L             0184 
           LOCAL                   ADDRESS         
           =====                   =======         
           CSCTL2                  0184 
           CSCTL2_H                0185 
           CSCTL2_L                0184 
    -------------------------------------------------------------------------
DATA16_AN
  Relative segment, address: 0186 - 0187 (0x2 bytes), align: 0
  Segment part 4. ROOT        Intra module refs:   main
           ENTRY                   ADDRESS         REF BY
           =====                   =======         ======
           _A_CSCTL3_L             0186 
           LOCAL                   ADDRESS         
           =====                   =======         
           CSCTL3                  0186 
           CSCTL3_H                0187 
           CSCTL3_L                0186 
    -------------------------------------------------------------------------
DATA16_AN
  Relative segment, address: 0188 - 0189 (0x2 bytes), align: 0
  Segment part 5. ROOT        Intra module refs:   main
           ENTRY                   ADDRESS         REF BY
           =====                   =======         ======
           _A_CSCTL4_L             0188 
           LOCAL                   ADDRESS         
           =====                   =======         
           CSCTL4                  0188 
           CSCTL4_H                0189 
           CSCTL4_L                0188 
    -------------------------------------------------------------------------
DATA16_AN
  Relative segment, address: 018E - 018F (0x2 bytes), align: 0
  Segment part 6. ROOT        Intra module refs:   main
           ENTRY                   ADDRESS         REF BY
           =====                   =======         ======
           _A_CSCTL7_L             018E 
           LOCAL                   ADDRESS         
           =====                   =======         
           CSCTL7                  018E 
           CSCTL7_H                018F 
           CSCTL7_L                018E 
    -------------------------------------------------------------------------
DATA16_AN
  Relative segment, address: 0200 - 0201 (0x2 bytes), align: 0
  Segment part 7. ROOT        Intra module refs:   main
                                                   port1_ISR
           ENTRY                   ADDRESS         REF BY
           =====                   =======         ======
           _A_PAIN_L               0200 
           LOCAL                   ADDRESS         
           =====                   =======         
           PAIN                    0200 
           PAIN_H                  0201 
           PAIN_L                  0200 
    -------------------------------------------------------------------------
DATA16_AN
  Relative segment, address: 0202 - 0203 (0x2 bytes), align: 0
  Segment part 8. ROOT        Intra module refs:   main
           ENTRY                   ADDRESS         REF BY
           =====                   =======         ======
           _A_PAOUT_L              0202 
           LOCAL                   ADDRESS         
           =====                   =======         
           PAOUT                   0202 
           PAOUT_H                 0203 
           PAOUT_L                 0202 
    -------------------------------------------------------------------------
DATA16_AN
  Relative segment, address: 0206 - 0207 (0x2 bytes), align: 0
  Segment part 9. ROOT        Intra module refs:   main
           ENTRY                   ADDRESS         REF BY
           =====                   =======         ======
           _A_PAREN_L              0206 
           LOCAL                   ADDRESS         
           =====                   =======         
           PAREN                   0206 
           PAREN_H                 0207 
           PAREN_L                 0206 
    -------------------------------------------------------------------------
DATA16_AN
  Relative segment, address: 020A - 020B (0x2 bytes), align: 0
  Segment part 10. ROOT       Intra module refs:   main
           ENTRY                   ADDRESS         REF BY
           =====                   =======         ======
           _A_PASEL0_L             020A 
           LOCAL                   ADDRESS         
           =====                   =======         
           PASEL0                  020A 
           PASEL0_H                020B 
           PASEL0_L                020A 
    -------------------------------------------------------------------------
DATA16_AN
  Relative segment, address: 020E - 020F (0x2 bytes), align: 0
  Segment part 11. ROOT       Intra module refs:   port1_ISR
           ENTRY                   ADDRESS         REF BY
           =====                   =======         ======
           _A_P1IV_L               020E 
           LOCAL                   ADDRESS         
           =====                   =======         
           P1IV                    020E 
           P1IV_H                  020F 
           P1IV_L                  020E 
    -------------------------------------------------------------------------
DATA16_AN
  Relative segment, address: 0218 - 0219 (0x2 bytes), align: 0
  Segment part 12. ROOT       Intra module refs:   main
                                                   port1_ISR
           ENTRY                   ADDRESS         REF BY
           =====                   =======         ======
           _A_PAIES_L              0218 
           LOCAL                   ADDRESS         
           =====                   =======         
           PAIES                   0218 
           PAIES_H                 0219 
           PAIES_L                 0218 
    -------------------------------------------------------------------------
DATA16_AN
  Relative segment, address: 021A - 021B (0x2 bytes), align: 0
  Segment part 13. ROOT       Intra module refs:   main
           ENTRY                   ADDRESS         REF BY
           =====                   =======         ======
           _A_PAIE_L               021A 
           LOCAL                   ADDRESS         
           =====                   =======         
           PAIE                    021A 
           PAIE_H                  021B 
           PAIE_L                  021A 
    -------------------------------------------------------------------------
DATA16_AN
  Relative segment, address: 021C - 021D (0x2 bytes), align: 0
  Segment part 14. ROOT       Intra module refs:   main
           ENTRY                   ADDRESS         REF BY
           =====                   =======         ======
           _A_PAIFG_L              021C 
           LOCAL                   ADDRESS         
           =====                   =======         
           PAIFG                   021C 
           PAIFG_H                 021D 
           PAIFG_L                 021C 
    -------------------------------------------------------------------------
DATA16_AN
  Relative segment, address: 01A0 - 01A1 (0x2 bytes), align: 0
  Segment part 15. ROOT       Intra module refs:   main
           ENTRY                   ADDRESS         REF BY
           =====                   =======         ======
           _A_FRCTL0_L             01A0 
           LOCAL                   ADDRESS         
           =====                   =======         
           FRCTL0                  01A0 
           FRCTL0_H                01A1 
           FRCTL0_L                01A0 
    -------------------------------------------------------------------------
DATA16_AN
  Relative segment, address: 0130 - 0131 (0x2 bytes), align: 0
  Segment part 16. ROOT       Intra module refs:   main
           ENTRY                   ADDRESS         REF BY
           =====                   =======         ======
           _A_PM5CTL0_L            0130 
           LOCAL                   ADDRESS         
           =====                   =======         
           PM5CTL0                 0130 
           PM5CTL0_H               0131 
           PM5CTL0_L               0130 
    -------------------------------------------------------------------------
DATA16_AN
  Relative segment, address: 0300 - 0301 (0x2 bytes), align: 0
  Segment part 17. ROOT       Intra module refs:   main
           ENTRY                   ADDRESS         REF BY
           =====                   =======         ======
           _A_RTCCTL_L             0300 
           LOCAL                   ADDRESS         
           =====                   =======         
           RTCCTL                  0300 
           RTCCTL_H                0301 
           RTCCTL_L                0300 
    -------------------------------------------------------------------------
DATA16_AN
  Relative segment, address: 030C - 030D (0x2 bytes), align: 0
  Segment part 18. ROOT       Intra module refs:   port1_ISR
           ENTRY                   ADDRESS         REF BY
           =====                   =======         ======
           _A_RTCCNT_L             030C 
           LOCAL                   ADDRESS         
           =====                   =======         
           RTCCNT                  030C 
           RTCCNT_H                030D 
           RTCCNT_L                030C 
    -------------------------------------------------------------------------
DATA16_AN
  Relative segment, address: 0164 - 0165 (0x2 bytes), align: 0
  Segment part 19. ROOT       Intra module refs:   main
           ENTRY                   ADDRESS         REF BY
           =====                   =======         ======
           _A_SYSCFG2_L            0164 
           LOCAL                   ADDRESS         
           =====                   =======         
           SYSCFG2                 0164 
           SYSCFG2_H               0165 
           SYSCFG2_L               0164 
    -------------------------------------------------------------------------
DATA16_AN
  Relative segment, address: 01CC - 01CD (0x2 bytes), align: 0
  Segment part 20. ROOT       Intra module refs:   main
           ENTRY                   ADDRESS         REF BY
           =====                   =======         ======
           _A_WDTCTL_L             01CC 
           LOCAL                   ADDRESS         
           =====                   =======         
           WDTCTL                  01CC 
           WDTCTL_H                01CD 
           WDTCTL_L                01CC 
    -------------------------------------------------------------------------
DATA16_AN
  Relative segment, address: 0500 - 0501 (0x2 bytes), align: 0
  Segment part 21. ROOT       Intra module refs:   main
           ENTRY                   ADDRESS         REF BY
           =====                   =======         ======
           _A_UCA0CTLW0_L          0500 
           LOCAL                   ADDRESS         
           =====                   =======         
           UCA0CTLW0               0500 
           UCA0CTLW0_H             0501 
           UCA0CTLW0_L             0500 
    -------------------------------------------------------------------------
DATA16_AN
  Relative segment, address: 0506 - 0507 (0x2 bytes), align: 0
  Segment part 22. ROOT       Intra module refs:   main
           ENTRY                   ADDRESS         REF BY
           =====                   =======         ======
           _A_UCA0BRW_L            0506 
           LOCAL                   ADDRESS         
           =====                   =======         
           UCA0BRW                 0506 
           UCA0BRW_H               0507 
           UCA0BRW_L               0506 
    -------------------------------------------------------------------------
DATA16_AN
  Relative segment, address: 0508 - 0509 (0x2 bytes), align: 0
  Segment part 23. ROOT       Intra module refs:   main
           ENTRY                   ADDRESS         REF BY
           =====                   =======         ======
           _A_UCA0MCTLW_L          0508 
           LOCAL                   ADDRESS         
           =====                   =======         
           UCA0MCTLW               0508 
           UCA0MCTLW_H             0509 
           UCA0MCTLW_L             0508 
    -------------------------------------------------------------------------
DATA16_AN
  Relative segment, address: 050E - 050F (0x2 bytes), align: 0
  Segment part 24. ROOT       Intra module refs:   main
           ENTRY                   ADDRESS         REF BY
           =====                   =======         ======
           _A_UCA0TXBUF_L          050E 
           LOCAL                   ADDRESS         
           =====                   =======         
           UCA0TXBUF               050E 
           UCA0TXBUF_H             050F 
           UCA0TXBUF_L             050E 
    -------------------------------------------------------------------------
DATA16_AN
  Relative segment, address: 051C - 051D (0x2 bytes), align: 0
  Segment part 25. ROOT       Intra module refs:   main
           ENTRY                   ADDRESS         REF BY
           =====                   =======         ======
           _A_UCA0IFG_L            051C 
           LOCAL                   ADDRESS         
           =====                   =======         
           UCA0IFG                 051C 
           UCA0IFG_H               051D 
           UCA0IFG_L               051C 
    -------------------------------------------------------------------------
DATA16_N
  Relative segment, address: 2002 - 2002 (0x1 bytes), align: 0
  Segment part 28.            Intra module refs:   main
                                                   port1_ISR
           ENTRY                   ADDRESS         REF BY
           =====                   =======         ======
           pos                     2002 
    -------------------------------------------------------------------------
DATA16_N
  Relative segment, address: 2000 - 2001 (0x2 bytes), align: 1
  Segment part 29.            Intra module refs:   main
                                                   port1_ISR
           ENTRY                   ADDRESS         REF BY
           =====                   =======         ======
           time                    2000 
    -------------------------------------------------------------------------
<CODE16> 1 (was CODE16)
  Relative segment, address: FE74 - FF2D (0xba bytes), align: 1
  Segment part 30.
           ENTRY                   ADDRESS         REF BY
           =====                   =======         ======
           main                    FE74            Segment part 27 (?cstart)
    -------------------------------------------------------------------------
<CODE16> 1 (was CODE16)
  Relative segment, address: FF42 - FF4F (0xe bytes), align: 1
  Segment part 31.            Intra module refs:   main
           LOCAL                   ADDRESS         
           =====                   =======         
           ?Subroutine0            FF42 
    -------------------------------------------------------------------------
ISR_CODE
  Relative segment, address: FE0C - FE73 (0x68 bytes), align: 1
  Segment part 32.            Intra module refs:   port1_ISR::??INTVEC 100
           ENTRY                   ADDRESS         REF BY
           =====                   =======         ======
           port1_ISR               FE0C 
               interrupt function
    -------------------------------------------------------------------------
INTVEC
  Common segment, address: FF88 - FFED (0x66 bytes), align: 1
  Segment part 26. ROOT 
           ENTRY                   ADDRESS         REF BY
           =====                   =======         ======
           port1_ISR::??INTVEC 100
                                   FFEC 

    *************************************************************************

  FILE NAME : C:\Program Files (x86)\IAR Systems\Embedded Workbench 8.0\430\lib\dlib\dl430xssfn.r43
  LIBRARY MODULE, NAME : ?__dbg_break

  SEGMENTS IN THE MODULE
  ======================
<CODE16> 1 (was CODE16)
  Relative segment, address: FF58 - FF59 (0x2 bytes), align: 1
  Segment part 2.
           ENTRY                   ADDRESS         REF BY
           =====                   =======         ======
           __DebugBreak            FF58            __exit (?__exit)

    -------------------------------------------------------------------------
  LIBRARY MODULE, NAME : ?__exit

  SEGMENTS IN THE MODULE
  ======================
<CODE16> 1 (was CODE16)
  Relative segment, address: FF2E - FF41 (0x14 bytes), align: 1
  Segment part 2.
           ENTRY                   ADDRESS         REF BY
           =====                   =======         ======
           __exit                  FF2E            Segment part 6 (?_exit)
                                                   _exit (?_exit)
               calls direct

    -------------------------------------------------------------------------
  LIBRARY MODULE, NAME : ?_exit

  SEGMENTS IN THE MODULE
  ======================
<CODE16> 1 (was CODE16)
  Relative segment, address: FF50, align: 1
  Segment part 0.
           ENTRY                   ADDRESS         REF BY
           =====                   =======         ======
           _exit                   FF50            exit (?exit)
    -------------------------------------------------------------------------
<CODE16> 1 (was CODE16)
  Relative segment, address: FF50 - FF53 (0x4 bytes), align: 1
  Segment part 6.             Intra module refs:   _exit

    -------------------------------------------------------------------------
  LIBRARY MODULE, NAME : ?cstart

  SEGMENTS IN THE MODULE
  ======================
CSTACK
  Relative segment, address: 2160, align: 1
  Segment part 1.
    -------------------------------------------------------------------------
CODE_I
  Relative segment, address: 2004, align: 1
  Segment part 5.
    -------------------------------------------------------------------------
CODE_ID
  Relative segment, address: FE74, align: 1
  Segment part 6.
    -------------------------------------------------------------------------
DATA20_Z
  Relative segment, address: 2004, align: 1
  Segment part 7.
    -------------------------------------------------------------------------
DATA20_I
  Relative segment, address: 2004, align: 1
  Segment part 8.
    -------------------------------------------------------------------------
DATA20_ID
  Relative segment, address: FE00, align: 1
  Segment part 9.
    -------------------------------------------------------------------------
DATA20_C
  Relative segment, address: FE00, align: 1
  Segment part 10.
    -------------------------------------------------------------------------
DATA20_N
  Relative segment, address: 2004, align: 1
  Segment part 12.
    -------------------------------------------------------------------------
CSTART
  Relative segment, address: FE00 - FE03 (0x4 bytes), align: 1
  Segment part 15.
           ENTRY                   ADDRESS         REF BY
           =====                   =======         ======
           __program_start         FE00            ?reset_vector (?reset_vector)
                                                   Absolute parts (?ABS_ENTRY_MOD)
           ?cstart_begin           FE00 
    -------------------------------------------------------------------------
CSTART
  Relative segment, address: FE04 - FE0B (0x8 bytes), align: 1
  Segment part 27.            Intra module refs:   Segment part 15
           ENTRY                   ADDRESS         REF BY
           =====                   =======         ======
           ?cstart_call_main       FE04 
           ?cstart_end             FE0C 
    -------------------------------------------------------------------------
CODE_ID
  Relative segment, address: FE74, align: 1
  Segment part 28.            Intra module refs:   Segment part 5

    -------------------------------------------------------------------------
  LIBRARY MODULE, NAME : ?reset_vector

  SEGMENTS IN THE MODULE
  ======================
RESET
  Relative segment, address: FFFE - FFFF (0x2 bytes), align: 1
  Segment part 0.
           ENTRY                   ADDRESS         REF BY
           =====                   =======         ======
           ?reset_vector           FFFE            Segment part 15 (?cstart)

    -------------------------------------------------------------------------
  LIBRARY MODULE, NAME : ?exit

  SEGMENTS IN THE MODULE
  ======================
<CODE16> 1 (was CODE16)
  Relative segment, address: FF54 - FF57 (0x4 bytes), align: 1
  Segment part 2.
           ENTRY                   ADDRESS         REF BY
           =====                   =======         ======
           exit                    FF54            Segment part 27 (?cstart)
               calls direct




                ****************************************
                *                                      *
                *      SEGMENTS IN ADDRESS ORDER       *
                *                                      *
                ****************************************


SEGMENT              SPACE    START ADDRESS   END ADDRESS     SIZE  TYPE  ALIGN
=======              =====    =============   ===========     ====  ====  =====
DATA16_AN                              0130 - 0131               2   rel    0
                                       0164 - 0165               2 
                                       0180 - 0189               A 
                                       018E - 018F               2 
                                       01A0 - 01A1               2 
                                       01CC - 01CD               2 
                                       0200 - 0203               4 
                                       0206 - 0207               2 
                                       020A - 020B               2 
                                       020E - 020F               2 
                                       0218 - 021D               6 
                                       0300 - 0301               2 
                                       030C - 030D               2 
                                       0500 - 0501               2 
                                       0506 - 0509               4 
                                       050E - 050F               2 
                                       051C - 051D               2 
DATA16_Z                                  2000                       dse    0
DATA16_I                                  2000                       dse    0
DATA16_N                               2000 - 2002               3   rel    1
DATA20_I                                  2004                       rel    1
DATA20_Z                                  2004                       rel    1
DATA20_N                                  2004                       rel    1
CODE_I                                    2004                       rel    1
CSTACK                                 2160 - 21FF              A0   rel    1
DATA20_ID                                 FE00                       rel    1
DATA20_C                                  FE00                       rel    1
CSTART                                 FE00 - FE0B               C   rel    1
ISR_CODE                               FE0C - FE73              68   rel    1
CODE_ID                                   FE74                       rel    1
<CODE16> 1                             FE74 - FF59              E6   rel    1
INTVEC                                 FF88 - FFED              66   com    1
RESET                                  FFFE - FFFF               2   rel    1

                ****************************************
                *                                      *
                *        END OF CROSS REFERENCE        *
                *                                      *
                ****************************************

 450 bytes of CODE memory
 163 bytes of DATA memory (+ 50 absolute )

Errors: none
Warnings: none

